nohup: ignoring input
================================================================================
 [PRODUCTION PIPELINE V3 FAST STREAM] Amazon ML Challenge 2026
 10-Route Blocker | Category Conflict Guard | Multi-Signal Gate | Partial Ratio
================================================================================

[Step 1/5] Pass 1: Streaming Source 1 to collect query keys...
Collected query keys from 1,732,544 Source 1 records in 40.6s.
Unique keys: Core=1,078,413, Sorted=1,072,639, Concat=1,076,208, PostNum=15,265, PostPrefix4=75,069

[Step 2/5] Pass 2: Streaming and indexing test targets (S2 + S3)...
  Streaming test_source2.tsv...
    test_source2.tsv: processed 1,000,000 lines, loaded 892,768 targets...
    test_source2.tsv: processed 2,000,000 lines, loaded 1,731,331 targets...
    test_source2.tsv: processed 3,000,000 lines, loaded 2,534,700 targets...
    test_source2.tsv: processed 4,000,000 lines, loaded 3,310,263 targets...
  Streaming test_source3.tsv...
    test_source3.tsv: processed 1,000,000 lines, loaded 4,729,960 targets...
    test_source3.tsv: processed 2,000,000 lines, loaded 5,457,964 targets...
    test_source3.tsv: processed 3,000,000 lines, loaded 6,162,880 targets...
    test_source3.tsv: processed 4,000,000 lines, loaded 6,849,415 targets...
    test_source3.tsv: processed 5,000,000 lines, loaded 7,522,001 targets...
Indexed targets in 328.3s. Loaded 7,576,717 relevant targets into memory.

[Step 3/5] Pass 3: In-Process High-Speed Matching across all 1.73M entities...
  Chunk  1: 100,000 / 1,732,544 (5.8%) | 2,958 entities/s | Elapsed: 37s
  Chunk  2: 200,000 / 1,732,544 (11.5%) | 2,946 entities/s | Elapsed: 82s
  Chunk  3: 300,000 / 1,732,544 (17.3%) | 2,866 entities/s | Elapsed: 129s
  Chunk  4: 400,000 / 1,732,544 (23.1%) | 1,741 entities/s | Elapsed: 197s
  Chunk  5: 500,000 / 1,732,544 (28.9%) | 2,291 entities/s | Elapsed: 255s
  Chunk  6: 600,000 / 1,732,544 (34.6%) | 1,619 entities/s | Elapsed: 328s
  Chunk  7: 700,000 / 1,732,544 (40.4%) | 1,003 entities/s | Elapsed: 442s
  Chunk  8: 800,000 / 1,732,544 (46.2%) | 422 entities/s | Elapsed: 694s
  Chunk  9: 900,000 / 1,732,544 (51.9%) | 153 entities/s | Elapsed: 1420s
  Chunk 10: 1,000,000 / 1,732,544 (57.7%) | 93 entities/s | Elapsed: 2842s
