nohup: ignoring input
================================================================================
 [PRODUCTION PIPELINE V4 LEAN] Amazon ML Challenge 2026
 Zero-Swap Lean Stream | Category Bitmask Guard | Multi-Signal Gate | Partial Ratio
================================================================================

[Step 1/5] Pass 1: Streaming Source 1 to collect query keys...
Collected query keys from 1,732,544 Source 1 records in 40.7s.

[Step 2/5] Pass 2: Streaming and indexing test targets (S2 + S3)...
  Streaming test_source2.tsv...
    test_source2.tsv: processed 1,000,000 lines, loaded 885,116 targets...
    test_source2.tsv: processed 2,000,000 lines, loaded 1,709,330 targets...
    test_source2.tsv: processed 3,000,000 lines, loaded 2,494,945 targets...
    test_source2.tsv: processed 4,000,000 lines, loaded 3,251,044 targets...
  Streaming test_source3.tsv...
    test_source3.tsv: processed 1,000,000 lines, loaded 4,628,885 targets...
    test_source3.tsv: processed 2,000,000 lines, loaded 5,329,680 targets...
    test_source3.tsv: processed 3,000,000 lines, loaded 6,007,364 targets...
    test_source3.tsv: processed 4,000,000 lines, loaded 6,667,731 targets...
    test_source3.tsv: processed 5,000,000 lines, loaded 7,314,481 targets...
Indexed targets in 310.6s. Loaded 7,367,026 relevant targets into memory.

[Step 3/5] Pass 3: In-Process High-Speed Matching across all 1.73M entities...
  Chunk  1: 100,000 / 1,732,544 (5.8%) | 3,646 entities/s | Elapsed: 30s
  Chunk  2: 200,000 / 1,732,544 (11.5%) | 3,626 entities/s | Elapsed: 66s
  Chunk  3: 300,000 / 1,732,544 (17.3%) | 3,615 entities/s | Elapsed: 102s
  Chunk  4: 400,000 / 1,732,544 (23.1%) | 3,614 entities/s | Elapsed: 137s
  Chunk  5: 500,000 / 1,732,544 (28.9%) | 3,611 entities/s | Elapsed: 173s
  Chunk  6: 600,000 / 1,732,544 (34.6%) | 3,611 entities/s | Elapsed: 209s
  Chunk  7: 700,000 / 1,732,544 (40.4%) | 3,611 entities/s | Elapsed: 245s
  Chunk  8: 800,000 / 1,732,544 (46.2%) | 3,594 entities/s | Elapsed: 281s
  Chunk  9: 900,000 / 1,732,544 (51.9%) | 3,610 entities/s | Elapsed: 318s
  Chunk 10: 1,000,000 / 1,732,544 (57.7%) | 3,615 entities/s | Elapsed: 354s
  Chunk 11: 1,100,000 / 1,732,544 (63.5%) | 3,605 entities/s | Elapsed: 390s
  Chunk 12: 1,200,000 / 1,732,544 (69.3%) | 3,609 entities/s | Elapsed: 426s
  Chunk 13: 1,300,000 / 1,732,544 (75.0%) | 3,592 entities/s | Elapsed: 462s
  Chunk 14: 1,400,000 / 1,732,544 (80.8%) | 3,614 entities/s | Elapsed: 498s
  Chunk 15: 1,500,000 / 1,732,544 (86.6%) | 3,601 entities/s | Elapsed: 534s
  Chunk 16: 1,600,000 / 1,732,544 (92.3%) | 3,605 entities/s | Elapsed: 571s
  Chunk 17: 1,700,000 / 1,732,544 (98.1%) | 3,574 entities/s | Elapsed: 607s
  Final Chunk 18: 1,732,544 / 1,732,544 (100.0%) in 623.3s

Step 3 Matching finished in 623.3s across 1,732,544 entities.

[Step 4/5] Resolving 1-to-1 Mutual-Best Target Owners...
Resolved 5,699,551 exclusive target winners in 7.9s.

[Step 5/5] Streaming final output TSVs with Multi-Signal Singleton Protection Gate...
Wrote 1,732,544 records in 37.6s.
  matching_results.tsv: 91.4 MB | 5,696,249 total links | 126,391 singletons (7.30%)
  Multi-signal gate pruned: 3,302 low-confidence singletons
  candidate_pairs.tsv:  1579.9 MB

>>> Pipeline V4 Lean Stream Finished Successfully! <<<
